#SampleID	fastqFile	SequencingRun
SMPL0	K011.extendedFrags.fastq.gz	a
SMPL1	K013.extendedFrags.fastq.gz	a
SMPL10	K059.extendedFrags.fastq.gz	a
SMPL11	K060.extendedFrags.fastq.gz	a
SMPL12	K062.extendedFrags.fastq.gz	a
SMPL13	K063.extendedFrags.fastq.gz	a
SMPL14	K066.extendedFrags.fastq.gz	a
SMPL15	K068.extendedFrags.fastq.gz	a
SMPL16	K069.extendedFrags.fastq.gz	a
SMPL17	K070.extendedFrags.fastq.gz	a
SMPL18	K072.extendedFrags.fastq.gz	a
SMPL19	K078.extendedFrags.fastq.gz	a
SMPL2	K025.extendedFrags.fastq.gz	a
SMPL20	K079.extendedFrags.fastq.gz	a
SMPL21	K081.extendedFrags.fastq.gz	a
SMPL22	K084.extendedFrags.fastq.gz	a
SMPL23	K087.extendedFrags.fastq.gz	a
SMPL24	K091.extendedFrags.fastq.gz	a
SMPL25	K_10.extendedFrags.fastq.gz	a
SMPL26	K_12.extendedFrags.fastq.gz	a
SMPL27	K_15.extendedFrags.fastq.gz	a
SMPL28	K_16.extendedFrags.fastq.gz	a
SMPL29	K_17.extendedFrags.fastq.gz	a
SMPL3	K030.extendedFrags.fastq.gz	a
SMPL30	K_18.extendedFrags.fastq.gz	a
SMPL31	K_19.extendedFrags.fastq.gz	a
SMPL32	K_20.extendedFrags.fastq.gz	a
SMPL33	K_22.extendedFrags.fastq.gz	a
SMPL34	K_23.extendedFrags.fastq.gz	a
SMPL35	K_24.extendedFrags.fastq.gz	a
SMPL36	K_26.extendedFrags.fastq.gz	a
SMPL37	K_28.extendedFrags.fastq.gz	a
SMPL38	K_29.extendedFrags.fastq.gz	a
SMPL39	K_31.extendedFrags.fastq.gz	a
SMPL4	K033.extendedFrags.fastq.gz	a
SMPL40	K_34.extendedFrags.fastq.gz	a
SMPL41	K_35.extendedFrags.fastq.gz	a
SMPL42	K_36.extendedFrags.fastq.gz	a
SMPL43	K_37.extendedFrags.fastq.gz	a
SMPL44	K_38.extendedFrags.fastq.gz	a
SMPL45	K_39.extendedFrags.fastq.gz	a
SMPL46	K_4.extendedFrags.fastq.gz	a
SMPL47	K_40.extendedFrags.fastq.gz	a
SMPL48	K_42.extendedFrags.fastq.gz	a
SMPL49	K_45.extendedFrags.fastq.gz	a
SMPL5	K041.extendedFrags.fastq.gz	a
SMPL50	K_46.extendedFrags.fastq.gz	a
SMPL51	K_47.extendedFrags.fastq.gz	a
SMPL52	K_50.extendedFrags.fastq.gz	a
SMPL53	K_53.extendedFrags.fastq.gz	a
SMPL54	K_54.extendedFrags.fastq.gz	a
SMPL55	K_55.extendedFrags.fastq.gz	a
SMPL56	K_56.extendedFrags.fastq.gz	a
SMPL57	K_7.extendedFrags.fastq.gz	a
SMPL58	K_8.extendedFrags.fastq.gz	a
SMPL59	K_9.extendedFrags.fastq.gz	a
SMPL6	K044.extendedFrags.fastq.gz	a
SMPL7	K048.extendedFrags.fastq.gz	a
SMPL8	K051.extendedFrags.fastq.gz	a
SMPL9	K057.extendedFrags.fastq.gz	a
